
> @workspace/weapon-atlas@0.0.0 dev /app/artifacts/weapon-atlas
> vite --config vite.config.ts --host 0.0.0.0


  VITE v7.3.3  ready in 1689 ms

  ➜  Local:   http://localhost:3000/
  ➜  Network: http://192.168.0.2:3000/
8:22:20 PM [vite] (client) Pre-transform error: Transform failed with 1 error:
/app/artifacts/weapon-atlas/src/lib/weaponRenderer.ts:2206:0: ERROR: Unexpected "export"
  Plugin: vite:esbuild
  File: /app/artifacts/weapon-atlas/src/lib/weaponRenderer.ts:2206:0

  Unexpected "export"
  2204 |  // ─── PART REGISTRY ────────────────────────────────────────────────────────────
  2205 |
  2206 |  export const ALL_PARTS: WeaponPart[] = [
       |  ^
  2207 |    // SWORD BLADES
  2208 |    { id: "sword_blade_iron_01", name: "Iron Longsword", category: "sword_blade", material: "iron", rarity: "common", t...

8:22:20 PM [vite] (client) Pre-transform error: Transform failed with 1 error:
/app/artifacts/weapon-atlas/src/lib/weaponRenderer.ts:2206:0: ERROR: Unexpected "export"
  Plugin: vite:esbuild
  File: /app/artifacts/weapon-atlas/src/lib/weaponRenderer.ts:2206:0

  Unexpected "export"
  2204 |  // ─── PART REGISTRY ────────────────────────────────────────────────────────────
  2205 |
  2206 |  export const ALL_PARTS: WeaponPart[] = [
       |  ^
  2207 |    // SWORD BLADES
  2208 |    { id: "sword_blade_iron_01", name: "Iron Longsword", category: "sword_blade", material: "iron", rarity: "common", t...

8:22:20 PM [vite] Internal server error: Transform failed with 1 error:
/app/artifacts/weapon-atlas/src/lib/weaponRenderer.ts:2206:0: ERROR: Unexpected "export"
  Plugin: vite:esbuild
  File: /app/artifacts/weapon-atlas/src/lib/weaponRenderer.ts:2206:0

  Unexpected "export"
  2204 |  // ─── PART REGISTRY ────────────────────────────────────────────────────────────
  2205 |
  2206 |  export const ALL_PARTS: WeaponPart[] = [
       |  ^
  2207 |    // SWORD BLADES
  2208 |    { id: "sword_blade_iron_01", name: "Iron Longsword", category: "sword_blade", material: "iron", rarity: "common", t...

      at failureErrorWithLog (/app/node_modules/.pnpm/esbuild@0.27.3/node_modules/esbuild/lib/main.js:1467:15)
      at /app/node_modules/.pnpm/esbuild@0.27.3/node_modules/esbuild/lib/main.js:736:50
      at responseCallbacks.<computed> (/app/node_modules/.pnpm/esbuild@0.27.3/node_modules/esbuild/lib/main.js:603:9)
      at handleIncomingPacket (/app/node_modules/.pnpm/esbuild@0.27.3/node_modules/esbuild/lib/main.js:658:12)
      at Socket.readFromStdout (/app/node_modules/.pnpm/esbuild@0.27.3/node_modules/esbuild/lib/main.js:581:7)
      at Socket.emit (node:events:519:28)
      at addChunk (node:internal/streams/readable:561:12)
      at readableAddChunkPushByteMode (node:internal/streams/readable:512:3)
      at Readable.push (node:internal/streams/readable:392:5)
      at Pipe.onStreamRead (node:internal/stream_base_commons:189:23)
8:22:20 PM [vite] (client) Pre-transform error: Transform failed with 1 error:
/app/artifacts/weapon-atlas/src/lib/weaponRenderer.ts:2206:0: ERROR: Unexpected "export"
  Plugin: vite:esbuild
  File: /app/artifacts/weapon-atlas/src/lib/weaponRenderer.ts:2206:0

  Unexpected "export"
  2204 |  // ─── PART REGISTRY ────────────────────────────────────────────────────────────
  2205 |
  2206 |  export const ALL_PARTS: WeaponPart[] = [
       |  ^
  2207 |    // SWORD BLADES
  2208 |    { id: "sword_blade_iron_01", name: "Iron Longsword", category: "sword_blade", material: "iron", rarity: "common", t...

8:22:23 PM [vite] (client) ✨ new dependencies optimized: react-dom/client, wouter, @tanstack/react-query, lucide-react, @radix-ui/react-tooltip, @radix-ui/react-slot, class-variance-authority, @radix-ui/react-scroll-area, jszip, clsx, tailwind-merge, @radix-ui/react-toast
8:22:23 PM [vite] (client) ✨ optimized dependencies changed. reloading
8:22:24 PM [vite] (client) Pre-transform error: Transform failed with 1 error:
/app/artifacts/weapon-atlas/src/lib/weaponRenderer.ts:2206:0: ERROR: Unexpected "export"
  Plugin: vite:esbuild
  File: /app/artifacts/weapon-atlas/src/lib/weaponRenderer.ts:2206:0

  Unexpected "export"
  2204 |  // ─── PART REGISTRY ────────────────────────────────────────────────────────────
  2205 |
  2206 |  export const ALL_PARTS: WeaponPart[] = [
       |  ^
  2207 |    // SWORD BLADES
  2208 |    { id: "sword_blade_iron_01", name: "Iron Longsword", category: "sword_blade", material: "iron", rarity: "common", t...

8:22:24 PM [vite] Internal server error: Transform failed with 1 error:
/app/artifacts/weapon-atlas/src/lib/weaponRenderer.ts:2206:0: ERROR: Unexpected "export"
  Plugin: vite:esbuild
  File: /app/artifacts/weapon-atlas/src/lib/weaponRenderer.ts:2206:0

  Unexpected "export"
  2204 |  // ─── PART REGISTRY ────────────────────────────────────────────────────────────
  2205 |
  2206 |  export const ALL_PARTS: WeaponPart[] = [
       |  ^
  2207 |    // SWORD BLADES
  2208 |    { id: "sword_blade_iron_01", name: "Iron Longsword", category: "sword_blade", material: "iron", rarity: "common", t...

      at failureErrorWithLog (/app/node_modules/.pnpm/esbuild@0.27.3/node_modules/esbuild/lib/main.js:1467:15)
      at /app/node_modules/.pnpm/esbuild@0.27.3/node_modules/esbuild/lib/main.js:736:50
      at responseCallbacks.<computed> (/app/node_modules/.pnpm/esbuild@0.27.3/node_modules/esbuild/lib/main.js:603:9)
      at handleIncomingPacket (/app/node_modules/.pnpm/esbuild@0.27.3/node_modules/esbuild/lib/main.js:658:12)
      at Socket.readFromStdout (/app/node_modules/.pnpm/esbuild@0.27.3/node_modules/esbuild/lib/main.js:581:7)
      at Socket.emit (node:events:519:28)
      at addChunk (node:internal/streams/readable:561:12)
      at readableAddChunkPushByteMode (node:internal/streams/readable:512:3)
      at Readable.push (node:internal/streams/readable:392:5)
      at Pipe.onStreamRead (node:internal/stream_base_commons:189:23)
8:22:24 PM [vite] (client) Pre-transform error: Transform failed with 1 error:
/app/artifacts/weapon-atlas/src/lib/weaponRenderer.ts:2206:0: ERROR: Unexpected "export"
  Plugin: vite:esbuild
  File: /app/artifacts/weapon-atlas/src/lib/weaponRenderer.ts:2206:0

  Unexpected "export"
  2204 |  // ─── PART REGISTRY ────────────────────────────────────────────────────────────
  2205 |
  2206 |  export const ALL_PARTS: WeaponPart[] = [
       |  ^
  2207 |    // SWORD BLADES
  2208 |    { id: "sword_blade_iron_01", name: "Iron Longsword", category: "sword_blade", material: "iron", rarity: "common", t...

8:22:24 PM [vite] (client) Pre-transform error: Transform failed with 1 error:
/app/artifacts/weapon-atlas/src/lib/weaponRenderer.ts:2206:0: ERROR: Unexpected "export"
  Plugin: vite:esbuild
  File: /app/artifacts/weapon-atlas/src/lib/weaponRenderer.ts:2206:0

  Unexpected "export"
  2204 |  // ─── PART REGISTRY ────────────────────────────────────────────────────────────
  2205 |
  2206 |  export const ALL_PARTS: WeaponPart[] = [
       |  ^
  2207 |    // SWORD BLADES
  2208 |    { id: "sword_blade_iron_01", name: "Iron Longsword", category: "sword_blade", material: "iron", rarity: "common", t...

8:23:56 PM [vite] Internal server error: Transform failed with 1 error:
/app/artifacts/weapon-atlas/src/lib/weaponRenderer.ts:2206:0: ERROR: Unexpected "export"
  Plugin: vite:esbuild
  File: /app/artifacts/weapon-atlas/src/lib/weaponRenderer.ts:2206:0

  Unexpected "export"
  2204 |  // ─── PART REGISTRY ────────────────────────────────────────────────────────────
  2205 |
  2206 |  export const ALL_PARTS: WeaponPart[] = [
       |  ^
  2207 |    // SWORD BLADES
  2208 |    { id: "sword_blade_iron_01", name: "Iron Longsword", category: "sword_blade", material: "iron", rarity: "common", t...

      at failureErrorWithLog (/app/node_modules/.pnpm/esbuild@0.27.3/node_modules/esbuild/lib/main.js:1467:15)
      at /app/node_modules/.pnpm/esbuild@0.27.3/node_modules/esbuild/lib/main.js:736:50
      at responseCallbacks.<computed> (/app/node_modules/.pnpm/esbuild@0.27.3/node_modules/esbuild/lib/main.js:603:9)
      at handleIncomingPacket (/app/node_modules/.pnpm/esbuild@0.27.3/node_modules/esbuild/lib/main.js:658:12)
      at Socket.readFromStdout (/app/node_modules/.pnpm/esbuild@0.27.3/node_modules/esbuild/lib/main.js:581:7)
      at Socket.emit (node:events:519:28)
      at addChunk (node:internal/streams/readable:561:12)
      at readableAddChunkPushByteMode (node:internal/streams/readable:512:3)
      at Readable.push (node:internal/streams/readable:392:5)
      at Pipe.onStreamRead (node:internal/stream_base_commons:189:23)
