
> @workspace/weapon-atlas@0.0.0 dev /app/artifacts/weapon-atlas
> vite --config vite.config.ts --host 0.0.0.0


  VITE v7.3.3  ready in 544 ms

  ➜  Local:   http://localhost:3000/
  ➜  Network: http://192.168.0.2:3000/
(!) Failed to run dependency scan. Skipping dependency pre-bundling. Error:   Failed to scan for dependencies from entries:
  /app/artifacts/weapon-atlas/index.html

  [31m✘ [41;31m[[41;97mERROR[41;31m][0m [1mUnexpected "export"[0m

    src/lib/weaponRenderer.ts:2165:0:
[37m      2165 │ [32mexport[37m const ALL_PARTS: WeaponPart[] = [
           ╵ [32m~~~~~~[0m


    at failureErrorWithLog (/app/node_modules/.pnpm/esbuild@0.27.3/node_modules/esbuild/lib/main.js:1467:15)
    at /app/node_modules/.pnpm/esbuild@0.27.3/node_modules/esbuild/lib/main.js:926:25
    at runOnEndCallbacks (/app/node_modules/.pnpm/esbuild@0.27.3/node_modules/esbuild/lib/main.js:1307:45)
    at buildResponseToResult (/app/node_modules/.pnpm/esbuild@0.27.3/node_modules/esbuild/lib/main.js:924:7)
    at /app/node_modules/.pnpm/esbuild@0.27.3/node_modules/esbuild/lib/main.js:936:9
    at new Promise (<anonymous>)
    at requestCallbacks.on-end (/app/node_modules/.pnpm/esbuild@0.27.3/node_modules/esbuild/lib/main.js:935:54)
    at handleRequest (/app/node_modules/.pnpm/esbuild@0.27.3/node_modules/esbuild/lib/main.js:628:17)
    at handleIncomingPacket (/app/node_modules/.pnpm/esbuild@0.27.3/node_modules/esbuild/lib/main.js:653:7)
    at Socket.readFromStdout (/app/node_modules/.pnpm/esbuild@0.27.3/node_modules/esbuild/lib/main.js:581:7)
 ELIFECYCLE  Command failed with exit code 143.
